// Jest Snapshot v1, https://goo.gl/fbAQLP

exports[`CloseButton renders without props 1`] = `
.c1 {
  -webkit-font-smoothing: antialiased;
  display: inline-block;
  vertical-align: middle;
  text-align: center;
  text-decoration: none;
  font-family: inherit;
  font-weight: 600;
  cursor: pointer;
  border-radius: 4px;
  background-color: #e6f4fc#cce7f8#add9f5#8bc9f0#62b6eb#2d9ee4#298fce#247db4#1d6795#154a6b;
  color: #ffffff;
  border-width: 0;
  border-style: solid;
  height: 40px;
  font-size: 14px;
  padding: 0 18px;
}

.c1:disabled {
  opacity: 0.25;
}

.c2 {
  -webkit-flex: none;
  -ms-flex: none;
  flex: none;
}

.c0 {
  padding: 0;
  height: auto;
  background-color: transparent;
  color: inherit;
}

.c0:hover {
  background-color: transparent;
}

<button
  className="c0 c1"
  title="close"
>
  <svg
    className="c2"
    color={undefined}
    fill="currentcolor"
    height={14}
    viewBox="0 0 24 24"
    width={14}
  >
    <path
      d="M19 6.41L17.59 5 12 10.59 6.41 5 5 6.41 10.59 12 5 17.59 6.41 19 12 13.41 17.59 19 19 17.59 13.41 12z "
    />
  </svg>
</button>
`;
