// Jest Snapshot v1, https://goo.gl/fbAQLP

exports[`Icon renders 1`] = `
.c0 {
  -webkit-flex: none;
  -ms-flex: none;
  flex: none;
}

<svg
  className="c0"
  fill="currentcolor"
  height={24}
  viewBox="0 0 24 24"
  width={24}
>
  <path
    d="M14.4 6L14 4H5v17h2v-7h5.6l.4 2h7V6z "
  />
</svg>
`;
