// Jest Snapshot v1, https://goo.gl/fbAQLP

exports[`Label it renders 1`] = `
.c0 {
  display: -webkit-box;
  display: -webkit-flex;
  display: -ms-flexbox;
  display: flex;
  -webkit-align-items: center;
  -webkit-box-align: center;
  -ms-flex-align: center;
  align-items: center;
  font-size: 16px;
  color: #384046;
  font-weight: 700;
}

<label
  className="c0"
  color="black"
  fontSize={2}
  fontWeight="bold"
/>
`;
