// Jest Snapshot v1, https://goo.gl/fbAQLP

exports[`Label it renders 1`] = `
.c0 {
  font-size: 18px;
  color: #384046;
  display: block;
}

.c0 a {
  color: #2d9ee4;
  -webkit-text-decoration: underline;
  text-decoration: underline;
}

<label
  className="c0"
  color="black"
  fontSize={2}
  width={1}
/>
`;
