// Jest Snapshot v1, https://goo.gl/fbAQLP

exports[`Label it renders 1`] = `
.c1 {
  font-size: 18px;
  margin: 0px;
  color: #384046;
}

.c0 {
  display: block;
}

.c0 a {
  color: #2d9ee4;
  -webkit-text-decoration: underline;
  text-decoration: underline;
}

<label
  className="c0 c1"
  color="black"
  fontSize={2}
/>
`;
