// Jest Snapshot v1, https://goo.gl/fbAQLP

exports[`Module it renders 1`] = `
.c3 {
  font-size: 16px;
  margin: 0px;
}

.c2 {
  font-size: 20px;
  margin: 0px;
  margin-bottom: 8px;
  line-height: 1.25;
}

.c1 {
  -webkit-flex: none;
  -ms-flex: none;
  flex: none;
  margin-bottom: 8px;
  margin-right: 16px;
  color: white;
}

.c0 {
  padding: 8px;
  width: 100%;
  color: #ffffff;
  display: -webkit-box;
  display: -webkit-flex;
  display: -ms-flexbox;
  display: flex;
  text-align: left;
}

.c0 svg {
  -webkit-flex-shrink: 0;
  -ms-flex-negative: 0;
  flex-shrink: 0;
}

@media screen and (min-width:52em) {
  .c1 {
    margin-right: 0px;
  }
}

@media screen and (min-width:32em) {
  .c0 {
    width: 33.33333333333333%;
  }
}

@media screen and (min-width:48em) {
  .c0 {
    -webkit-align-items: center;
    -webkit-box-align: center;
    -ms-flex-align: center;
    align-items: center;
    -webkit-flex-direction: column;
    -ms-flex-direction: column;
    flex-direction: column;
    max-width: 20rem;
    text-align: center;
  }
}

<div
  className="c0"
>
  <svg
    className="c1"
    color="white"
    fill="currentcolor"
    height={48}
    mb={1}
    mr={
      Array [
        2,
        null,
        0,
      ]
    }
    viewBox="0 0 24 24"
    width={48}
  >
    <path
      d="M12 17.27L18.18 21l-1.64-7.03L22 9.24l-7.19-.61L12 2 9.19 8.63 2 9.24l5.46 4.73L5.82 21z "
    />
  </svg>
  <div>
    <h2
      className="c2"
      fontSize={3}
    >
      Hello
    </h2>
    <p
      className="c3"
    />
  </div>
</div>
`;
