// Jest Snapshot v1, https://goo.gl/fbAQLP

exports[`Sheet renders 1`] = `
.c1 {
  margin-left: auto;
  margin-right: auto;
  padding: 18px;
  width: 100%;
  background-color: rgba(255,255,255,0.875);
  max-width: 72rem;
}

.c0 {
  padding: 18px;
  background-color: rgba(255,255,255,0.875);
  position: relative;
  overflow: hidden;
  border-radius: 8px;
  box-shadow: 0 8px 32px rgba(0,0,0,0.0625);
}

@media screen and (min-width:32em) {
  .c1 {
    padding: 24px;
  }
}

@media screen and (min-width:32em) {
  .c0 {
    padding: 24px;
  }
}

<div
  className="sc-bdVaJa c0 c1"
/>
`;
