// Jest Snapshot v1, https://goo.gl/fbAQLP

exports[`theme snapshot 1`] = `
Object {
  "bold": 700,
  "boxShadows": Array [
    "0 0 4px 0 rgba(0,0,0,0.08)",
    "0 8px 8px 0 rgba(0,0,0,0.08)",
    "0 16px 16px 0 rgba(0,0,0,0.08)",
    "0 32px 32px 0 rgba(0,0,0,0.08)",
  ],
  "breakpoints": Array [
    32,
    48,
    64,
    80,
  ],
  "colors": Object {
    "black": "#000",
    "blue": "#007aff",
    "blue0": undefined,
    "blue1": undefined,
    "blue2": undefined,
    "blue3": undefined,
    "blues": Array [
      "#cdf",
      "#cdf",
      "#007aff",
      "#007aff",
    ],
    "borderGray": "#d1d6db",
    "darkBlue": "#049",
    "darkGray": "#364049",
    "darkGreen": "#060",
    "darkOrange": "#a50",
    "darkPurple": "#407",
    "darkRed": "#800",
    "gray": "#687B8E",
    "gray0": undefined,
    "gray1": undefined,
    "gray2": undefined,
    "gray3": undefined,
    "green": "#0a0",
    "green0": undefined,
    "green1": undefined,
    "green2": undefined,
    "green3": undefined,
    "greens": Array [
      "#cec",
      "#cec",
      "#0a0",
      "#0a0",
    ],
    "lightBlue": "#cdf",
    "lightGray": "#f6f8fa",
    "lightGreen": "#cec",
    "lightOrange": "#feb",
    "lightPurple": "#ecf",
    "lightRed": "#fcc",
    "orange": "#fa0",
    "orange0": undefined,
    "orange1": undefined,
    "orange2": undefined,
    "orange3": undefined,
    "oranges": Array [
      "#feb",
      "#feb",
      "#fa0",
      "#fa0",
    ],
    "purple": "#70b",
    "purple0": undefined,
    "purple1": undefined,
    "purple2": undefined,
    "purple3": undefined,
    "purples": Array [
      "#ecf",
      "#ecf",
      "#70b",
      "#70b",
    ],
    "red": "#c00",
    "red0": undefined,
    "red1": undefined,
    "red2": undefined,
    "red3": undefined,
    "reds": Array [
      "#fcc",
      "#fcc",
      "#c00",
      "#c00",
    ],
    "text": "#001833",
    "white": "#fff",
  },
  "font": "Averta,-apple-system,BlinkMacSystemFont,\\"Segoe UI\\",Roboto,\\"Helvetica Neue\\",sans-serif",
  "fontSizes": Array [
    12,
    14,
    16,
    20,
    24,
    32,
    48,
  ],
  "fontWeights": Object {
    "bold": 700,
    "regular": 400,
  },
  "maxContainerWidth": "1280px",
  "mediaQueries": Array [
    "@media screen and (min-width:32em)",
    "@media screen and (min-width:48em)",
    "@media screen and (min-width:64em)",
    "@media screen and (min-width:80em)",
  ],
  "radii": Array [
    0,
    4,
    8,
  ],
  "radius": "4px",
  "regular": 400,
  "space": Array [
    0,
    4,
    8,
    16,
    32,
    64,
    128,
  ],
}
`;
